Checking plugins/200000-imsanity.2.9.3.zip
Found wp_ajax* hooks:  4
Found functions:  4
Extracted functions:  4
Extracted params:  7
Checking plugins/400000-facebook-for-woocommerce.3.7.6.zip
Found wp_ajax* hooks:  34
Found functions:  28
Extracted functions:  27
Mismatch in extracted functions: f map: 27 vs ex funcs: 28
Extracted params:  7
Checking plugins/300000-blocksy-companion.2.1.53.zip
Found wp_ajax* hooks:  30
Found functions:  15
Extracted functions:  9
Mismatch in extracted functions: f map: 9 vs ex funcs: 15
Extracted params:  4
Checking plugins/300000-gutenberg.23.7.2.zip
Found wp_ajax* hooks:  3
Found functions:  2
Extracted functions:  2
Extracted params:  1
Checking plugins/200000-easy-fancybox.2.3.22.zip
Found wp_ajax* hooks:  2
Found functions:  2
Extracted functions:  2
Extracted params:  2
Checking plugins/800000-google-listings-and-ads.3.9.0.zip
Found wp_ajax* hooks:  0
Found functions:  0
Extracted functions:  0
Extracted params:  0
Checking plugins/4000000-seo-by-rank-math.1.0.275.zip
Found wp_ajax* hooks:  3
Found functions:  2
Extracted functions:  2
Extracted params:  1
Checking plugins/1000000-wp-super-cache.3.1.1.zip
Found wp_ajax* hooks:  8
Found functions:  8
Extracted functions:  7
Mismatch in extracted functions: f map: 7 vs ex funcs: 8
Extracted params:  1
Checking plugins/800000-smart-slider-3.3.5.1.38.zip
Found wp_ajax* hooks:  8
Found functions:  2
Extracted functions:  2
Extracted params:  0
Checking plugins/300000-sticky-header-effects-for-elementor.2.2.0.zip
Found wp_ajax* hooks:  8
Found functions:  7
Extracted functions:  7
Extracted params:  3
Checking plugins/1000000-loginizer.2.0.9.zip
Found wp_ajax* hooks:  10
Found functions:  10
Extracted functions:  10
Extracted params:  2
Checking plugins/7000000-litespeed-cache.7.9.zip
Found wp_ajax* hooks:  3
Found functions:  2
Extracted functions:  2
Extracted params:  2
Checking plugins/10000000-wordpress-seo.28.2.zip
Found wp_ajax* hooks:  18
Found functions:  18
Extracted functions:  17
Mismatch in extracted functions: f map: 17 vs ex funcs: 18
Extracted params:  9
Checking plugins/1000000-duplicator.1.5.16.1.zip
Found wp_ajax* hooks:  17
Found functions:  17
Extracted functions:  17
Extracted params:  5
Checking plugins/300000-pinterest-for-woocommerce.1.4.28.zip
Found wp_ajax* hooks:  1
Found functions:  1
Extracted functions:  0
Mismatch in extracted functions: f map: 0 vs ex funcs: 1
Extracted params:  0
Checking plugins/1000000-limit-login-attempts-reloaded.3.3.4.zip
Found wp_ajax* hooks:  29
Found functions:  28
Extracted functions:  27
Mismatch in extracted functions: f map: 27 vs ex funcs: 28
Extracted params:  21
Checking plugins/1000000-astra-sites.4.7.4.zip
Found wp_ajax* hooks:  56
Found functions:  54
Extracted functions:  54
Extracted params:  27
Checking plugins/1000000-astra-sites.4.7.3.zip
Found wp_ajax* hooks:  56
Found functions:  54
Extracted functions:  54
Extracted params:  27
Checking plugins/600000-hello-dolly.1.7.2.zip
Found wp_ajax* hooks:  0
Found functions:  0
Extracted functions:  0
Extracted params:  0
Checking plugins/300000-stops-core-theme-and-plugin-updates.9.0.21.zip
Found wp_ajax* hooks:  4
Found functions:  4
Extracted functions:  4
Extracted params:  3
Checking plugins/200000-mailchimp-for-woocommerce.6.2.zip
Found wp_ajax* hooks:  20
Found functions:  18
Extracted functions:  18
Extracted params:  13
Checking plugins/400000-official-facebook-pixel.5.2.2.zip
Found wp_ajax* hooks:  15
Found functions:  14
Extracted functions:  14
Extracted params:  10
Checking plugins/800000-woocommerce-paypal-payments.4.1.2.zip
Found wp_ajax* hooks:  1
Found functions:  1
Extracted functions:  0
Mismatch in extracted functions: f map: 0 vs ex funcs: 1
Extracted params:  0
Checking plugins/3000000-jetpack.16.0.1.zip
Found wp_ajax* hooks:  48
Found functions:  40
Extracted functions:  35
Mismatch in extracted functions: f map: 35 vs ex funcs: 40
Extracted params:  24
Checking plugins/1000000-custom-post-type-ui.1.19.3.zip
Found wp_ajax* hooks:  0
Found functions:  0
Extracted functions:  0
Extracted params:  0
Checking plugins/1000000-ewww-image-optimizer.8.7.5.zip
Found wp_ajax* hooks:  65
Found functions:  63
Extracted functions:  62
Mismatch in extracted functions: f map: 62 vs ex funcs: 63
Extracted params:  61
Checking plugins/600000-custom-css-js.3.53.zip
Found wp_ajax* hooks:  1
Found functions:  1
Extracted functions:  1
Extracted params:  0
Checking plugins/300000-copy-delete-posts.1.5.5.zip
Found wp_ajax* hooks:  10
Found functions:  9
Extracted functions:  6
Mismatch in extracted functions: f map: 6 vs ex funcs: 9
Extracted params:  4
Checking plugins/600000-fluent-smtp.2.3.0.zip
Found wp_ajax* hooks:  1
Found functions:  1
Extracted functions:  0
Mismatch in extracted functions: f map: 0 vs ex funcs: 1
Extracted params:  0
Checking plugins/700000-popup-maker.1.24.0.zip
Found wp_ajax* hooks:  13
Found functions:  9
Extracted functions:  8
Mismatch in extracted functions: f map: 8 vs ex funcs: 9
Extracted params:  6
Checking plugins/300000-admin-menu-editor.1.15.1.zip
Found wp_ajax* hooks:  5
Found functions:  5
Extracted functions:  5
Extracted params:  1
Checking plugins/700000-mainwp-child.6.1.6.zip
Found wp_ajax* hooks:  3
Found functions:  3
Extracted functions:  3
Extracted params:  3
Checking plugins/500000-disable-gutenberg.3.3.2.zip
Found wp_ajax* hooks:  0
Found functions:  0
Extracted functions:  0
Extracted params:  0
Checking plugins/900000-redux-framework.4.5.13.zip
Found wp_ajax* hooks:  7
Found functions:  6
Extracted functions:  6
Extracted params:  5
Checking plugins/700000-fluentform.6.2.12.zip
Found wp_ajax* hooks:  16
Found functions:  14
Extracted functions:  13
Mismatch in extracted functions: f map: 13 vs ex funcs: 14
Extracted params:  3
Checking plugins/200000-kadence-starter-templates.2.3.3.zip
Found wp_ajax* hooks:  13
Found functions:  13
Extracted functions:  13
Extracted params:  11
Checking plugins/300000-woo-cart-abandonment-recovery.2.1.3.zip
Found wp_ajax* hooks:  19
Found functions:  17
Extracted functions:  16
Mismatch in extracted functions: f map: 16 vs ex funcs: 17
Extracted params:  9
Checking plugins/200000-microsoft-clarity.0.10.27.zip
Found wp_ajax* hooks:  3
Found functions:  3
Extracted functions:  3
Extracted params:  3
Checking plugins/500000-broken-link-checker.2.4.11.zip
Found wp_ajax* hooks:  13
Found functions:  13
Extracted functions:  13
Extracted params:  7
Checking plugins/400000-translatepress-multilingual.3.3.1.zip
Found wp_ajax* hooks:  29
Found functions:  27
Extracted functions:  23
Mismatch in extracted functions: f map: 23 vs ex funcs: 27
Extracted params:  18
Checking plugins/800000-woocommerce-payments.11.0.0.zip
Found wp_ajax* hooks:  26
Found functions:  19
Extracted functions:  19
Extracted params:  16
Checking plugins/200000-ultimate-member.2.12.1.zip
Found wp_ajax* hooks:  39
Found functions:  30
Extracted functions:  30
Extracted params:  31
Checking plugins/200000-skyboot-custom-icons-for-elementor.1.1.1.zip
Found wp_ajax* hooks:  0
Found functions:  0
Extracted functions:  0
Extracted params:  0
Checking plugins/200000-user-switching.1.12.1.zip
Found wp_ajax* hooks:  0
Found functions:  0
Extracted functions:  0
Extracted params:  0
Checking plugins/600000-ninja-forms.3.15.0.zip
Found wp_ajax* hooks:  35
Found functions:  25
Extracted functions:  21
Mismatch in extracted functions: f map: 21 vs ex funcs: 25
Extracted params:  15
Checking plugins/400000-redis-cache.2.8.0.zip
Found wp_ajax* hooks:  2
Found functions:  2
Extracted functions:  2
Extracted params:  2
Checking plugins/200000-iwp-client.1.13.7.zip
Found wp_ajax* hooks:  0
Found functions:  0
Extracted functions:  0
Extracted params:  0
Checking plugins/300000-surerank.1.9.3.zip
Found wp_ajax* hooks:  9
Found functions:  9
Extracted functions:  9
Extracted params:  9
Checking plugins/200000-mw-wp-form.5.1.4.zip
Found wp_ajax* hooks:  0
Found functions:  0
Extracted functions:  0
Extracted params:  0
Checking plugins/200000-leadin.11.3.69.zip
Found wp_ajax* hooks:  1
Found functions:  1
Extracted functions:  1
Extracted params:  1
Checking plugins/200000-custom-facebook-feed.4.10.0.zip
Found wp_ajax* hooks:  59
Found functions:  41
Extracted functions:  37
Mismatch in extracted functions: f map: 37 vs ex funcs: 41
Extracted params:  19
Checking plugins/400000-pagelayer.2.1.7.zip
Found wp_ajax* hooks:  52
Found functions:  48
Extracted functions:  48
Extracted params:  43
Checking plugins/400000-yith-woocommerce-wishlist.4.17.0.zip
Found wp_ajax* hooks:  19
Found functions:  6
Extracted functions:  5
Mismatch in extracted functions: f map: 5 vs ex funcs: 6
Extracted params:  4
Checking plugins/800000-autoptimize.3.1.15.1.zip
Found wp_ajax* hooks:  11
Found functions:  11
Extracted functions:  11
Extracted params:  7
Checking plugins/300000-complianz-terms-conditions.1.4.0.zip
Found wp_ajax* hooks:  2
Found functions:  2
Extracted functions:  2
Extracted params:  2
Checking plugins/200000-page-optimize.0.6.3.zip
Found wp_ajax* hooks:  0
Found functions:  0
Extracted functions:  0
Extracted params:  0
Checking plugins/200000-migrate-guru.6.65.zip
Found wp_ajax* hooks:  4
Found functions:  4
Extracted functions:  4
Extracted params:  2
Checking plugins/500000-pixelyoursite.11.3.0.1.zip
Found wp_ajax* hooks:  14
Found functions:  10
Extracted functions:  6
Mismatch in extracted functions: f map: 6 vs ex funcs: 10
Extracted params:  6
Checking plugins/1000000-all-in-one-wp-security-and-firewall.5.4.9.zip
Found wp_ajax* hooks:  9
Found functions:  7
Extracted functions:  7
Extracted params:  7
Checking plugins/300000-health-check.1.7.1.zip
Found wp_ajax* hooks:  6
Found functions:  4
Extracted functions:  3
Mismatch in extracted functions: f map: 3 vs ex funcs: 4
Extracted params:  2
Checking plugins/200000-wpconsent-cookies-banner-privacy-suite.1.1.8.zip
Found wp_ajax* hooks:  31
Found functions:  31
Extracted functions:  31
Extracted params:  24
Checking plugins/200000-wp-whatsapp-chat.8.6.1.zip
Found wp_ajax* hooks:  1
Found functions:  1
Extracted functions:  1
Extracted params:  1
Checking plugins/3000000-really-simple-ssl.9.7.0.zip
Found wp_ajax* hooks:  9
Found functions:  9
Extracted functions:  9
Extracted params:  8
Checking plugins/500000-siteseo.1.4.0.zip
Found wp_ajax* hooks:  24
Found functions:  18
Extracted functions:  18
Extracted params:  11
Checking plugins/700000-coming-soon.6.20.7.zip
Found wp_ajax* hooks:  99
Found functions:  99
Extracted functions:  86
Mismatch in extracted functions: f map: 86 vs ex funcs: 99
Extracted params:  63
Checking plugins/300000-chaty.3.6.0.zip
Found wp_ajax* hooks:  16
Found functions:  14
Extracted functions:  14
Extracted params:  5
Checking plugins/200000-autodescription.5.1.4.zip
Found wp_ajax* hooks:  10
Found functions:  10
Extracted functions:  10
Extracted params:  10
Checking plugins/4000000-wp-mail-smtp.4.9.0.zip
Found wp_ajax* hooks:  30
Found functions:  29
Extracted functions:  29
Extracted params:  19
Checking plugins/1000000-tinymce-advanced.5.9.2.zip
Found wp_ajax* hooks:  0
Found functions:  0
Extracted functions:  0
Extracted params:  0
Checking plugins/200000-disable-xml-rpc.1.0.1.zip
Found wp_ajax* hooks:  0
Found functions:  0
Extracted functions:  0
Extracted params:  0
Checking plugins/400000-translatepress-multilingual.3.3.2.zip
Found wp_ajax* hooks:  30
Found functions:  28
Extracted functions:  24
Mismatch in extracted functions: f map: 24 vs ex funcs: 28
Extracted params:  19
Checking plugins/200000-wpfront-scroll-top.3.0.1.zip
Found wp_ajax* hooks:  1
Found functions:  1
Extracted functions:  1
Extracted params:  0
Checking plugins/900000-wp-reviews-plugin-for-google.13.3.1.zip
Found wp_ajax* hooks:  1
Found functions:  1
Extracted functions:  1
Extracted params:  0
Checking plugins/300000-cyr2lat.7.1.0.zip
Found wp_ajax* hooks:  0
Found functions:  0
Extracted functions:  0
Extracted params:  0
Checking plugins/5000000-all-in-one-wp-migration.7.109.zip
Found wp_ajax* hooks:  20
Found functions:  13
Extracted functions:  13
Extracted params:  0
Checking plugins/300000-gdpr-cookie-compliance.5.1.0.zip
Found wp_ajax* hooks:  10
Found functions:  4
Extracted functions:  1
Mismatch in extracted functions: f map: 1 vs ex funcs: 4
Extracted params:  1
Checking plugins/300000-otter-blocks.3.2.1.zip
Found wp_ajax* hooks:  9
Found functions:  8
Extracted functions:  8
Extracted params:  8
Checking plugins/1000000-hostinger-reach.1.7.1.zip
Found wp_ajax* hooks:  1
Found functions:  1
Extracted functions:  1
Extracted params:  1
Checking plugins/200000-malcare-security.6.65.zip
Found wp_ajax* hooks:  2
Found functions:  2
Extracted functions:  2
Extracted params:  0
Checking plugins/1000000-instagram-feed.6.12.0.zip
Found wp_ajax* hooks:  62
Found functions:  41
Extracted functions:  37
Mismatch in extracted functions: f map: 37 vs ex funcs: 41
Extracted params:  21
Checking plugins/700000-user-role-editor.4.65.zip
Found wp_ajax* hooks:  1
Found functions:  1
Extracted functions:  1
Extracted params:  0
Checking plugins/200000-skyboot-custom-icons-for-elementor.1.2.0.zip
Found wp_ajax* hooks:  1
Found functions:  1
Extracted functions:  1
Extracted params:  1
Checking plugins/300000-formidable.6.34.zip
Found wp_ajax* hooks:  91
Found functions:  76
Extracted functions:  75
Mismatch in extracted functions: f map: 75 vs ex funcs: 76
Extracted params:  5
Checking plugins/5000000-wordfence.8.2.2.zip
Found wp_ajax* hooks:  8
Found functions:  4
Extracted functions:  4
Extracted params:  3
Checking plugins/300000-ad-inserter.2.8.18.zip
Found wp_ajax* hooks:  3
Found functions:  2
Extracted functions:  2
Extracted params:  3
Checking plugins/200000-iubenda-cookie-law-solution.3.13.3.zip
Found wp_ajax* hooks:  17
Found functions:  17
Extracted functions:  17
Extracted params:  0
Checking plugins/300000-broken-link-checker-seo.1.3.0.zip
Found wp_ajax* hooks:  2
Found functions:  1
Extracted functions:  1
Extracted params:  1
Checking plugins/200000-malcare-security.6.62.zip
Found wp_ajax* hooks:  2
Found functions:  2
Extracted functions:  2
Extracted params:  0
Checking plugins/200000-site-mailer.1.4.7.zip
Found wp_ajax* hooks:  2
Found functions:  2
Extracted functions:  2
Extracted params:  2
Checking plugins/7000000-woocommerce.11.0.1.zip
Found wp_ajax* hooks:  15
Found functions:  14
Extracted functions:  14
Extracted params:  9
Checking plugins/4000000-seo-by-rank-math.1.0.276.zip
Found wp_ajax* hooks:  3
Found functions:  2
Extracted functions:  2
Extracted params:  1
Checking plugins/700000-coming-soon.6.20.8.zip
Found wp_ajax* hooks:  79
Found functions:  79
Extracted functions:  66
Mismatch in extracted functions: f map: 66 vs ex funcs: 79
Extracted params:  48
Checking plugins/200000-filebird.6.5.7.zip
Found wp_ajax* hooks:  9
Found functions:  8
Extracted functions:  7
Mismatch in extracted functions: f map: 7 vs ex funcs: 8
Extracted params:  2
Checking plugins/1000000-disable-comments.2.8.0.zip
Found wp_ajax* hooks:  3
Found functions:  3
Extracted functions:  3
Extracted params:  4
Checking plugins/1000000-google-sitemap-generator.4.1.24.zip
Found wp_ajax* hooks:  1
Found functions:  1
Extracted functions:  1
Extracted params:  1
Checking plugins/300000-woocommerce-pdf-invoices-packing-slips.5.15.2.zip
Found wp_ajax* hooks:  23
Found functions:  19
Extracted functions:  19
Extracted params:  8
Checking plugins/500000-kirki.6.2.3.zip
Found wp_ajax* hooks:  12
Found functions:  8
Extracted functions:  8
Extracted params:  5
Checking plugins/500000-extendify.3.1.3.zip
Found wp_ajax* hooks:  2
Found functions:  2
Extracted functions:  2
Extracted params:  2
Checking plugins/1000000-sg-security.1.6.5.zip
Found wp_ajax* hooks:  3
Found functions:  2
Extracted functions:  2
Extracted params:  2
Checking plugins/2000000-redirection.5.9.0.zip
Found wp_ajax* hooks:  0
Found functions:  0
Extracted functions:  0
Extracted params:  0
Checking plugins/300000-wp-mail-logging.1.16.0.zip
Found wp_ajax* hooks:  8
Found functions:  7
Extracted functions:  6
Mismatch in extracted functions: f map: 6 vs ex funcs: 7
Extracted params:  4
Checking plugins/700000-creame-whatsapp-me.6.3.2.zip
Found wp_ajax* hooks:  2
Found functions:  2
Extracted functions:  2
Extracted params:  1
Checking plugins/400000-font-awesome.5.2.1.zip
Found wp_ajax* hooks:  0
Found functions:  0
Extracted functions:  0
Extracted params:  0
Checking plugins/900000-cookie-notice.3.1.4.zip
Found wp_ajax* hooks:  30
Found functions:  29
Extracted functions:  29
Extracted params:  23
Checking plugins/200000-olympus-google-fonts.4.2.1.zip
Found wp_ajax* hooks:  11
Found functions:  11
Extracted functions:  11
Extracted params:  7
Checking plugins/200000-cleantalk-spam-protect.6.85.zip
Found wp_ajax* hooks:  79
Found functions:  39
Extracted functions:  38
Mismatch in extracted functions: f map: 38 vs ex funcs: 39
Extracted params:  3
Checking plugins/200000-post-type-switcher.4.0.1.zip
Found wp_ajax* hooks:  1
Found functions:  1
Extracted functions:  1
Extracted params:  1
Checking plugins/2000000-wordpress-importer.0.9.5.zip
Found wp_ajax* hooks:  0
Found functions:  0
Extracted functions:  0
Extracted params:  0
Checking plugins/200000-nextend-facebook-connect.3.1.26.zip
Found wp_ajax* hooks:  4
Found functions:  4
Extracted functions:  4
Extracted params:  2
Checking plugins/300000-pdf-embedder.5.0.2.zip
Found wp_ajax* hooks:  8
Found functions:  7
Extracted functions:  7
Extracted params:  3
Checking plugins/5000000-akismet.5.7.zip
Found wp_ajax* hooks:  3
Found functions:  1
Extracted functions:  0
Mismatch in extracted functions: f map: 0 vs ex funcs: 1
Extracted params:  0
Checking plugins/300000-otter-blocks.3.2.2.zip
Found wp_ajax* hooks:  9
Found functions:  8
Extracted functions:  8
Extracted params:  8
Checking plugins/700000-click-to-chat-for-whatsapp.4.42.1.zip
Found wp_ajax* hooks:  2
Found functions:  2
Extracted functions:  2
Extracted params:  2
Checking plugins/1000000-limit-login-attempts-reloaded.3.3.5.zip
Found wp_ajax* hooks:  29
Found functions:  28
Extracted functions:  27
Mismatch in extracted functions: f map: 27 vs ex funcs: 28
Extracted params:  21
Checking plugins/2000000-wps-hide-login.1.9.19.zip
Found wp_ajax* hooks:  1
Found functions:  1
Extracted functions:  1
Extracted params:  1
Checking plugins/1000000-cookie-law-info.3.5.4.zip
Found wp_ajax* hooks:  8
Found functions:  8
Extracted functions:  8
Extracted params:  5
Checking plugins/1000000-safe-svg.2.4.0.zip
Found wp_ajax* hooks:  1
Found functions:  1
Extracted functions:  1
Extracted params:  1
Checking plugins/500000-extendify.3.1.4.zip
Found wp_ajax* hooks:  2
Found functions:  2
Extracted functions:  2
Extracted params:  2
Checking plugins/200000-supreme-modules-for-divi.2.5.63.zip
Found wp_ajax* hooks:  4
Found functions:  2
Extracted functions:  2
Extracted params:  2
Checking plugins/1000000-imagify.2.3.2.zip
Found wp_ajax* hooks:  9
Found functions:  9
Extracted functions:  9
Extracted params:  3
Checking plugins/400000-ga-google-analytics.20260421.zip
Found wp_ajax* hooks:  0
Found functions:  0
Extracted functions:  0
Extracted params:  0
Checking plugins/200000-layout-grid.zip
Found wp_ajax* hooks:  0
Found functions:  0
Extracted functions:  0
Extracted params:  0
Checking plugins/300000-wp-headers-and-footers.3.1.5.zip
Found wp_ajax* hooks:  3
Found functions:  3
Extracted functions:  3
Extracted params:  2
Checking plugins/400000-intuitive-custom-post-order.3.2.0.zip
Found wp_ajax* hooks:  3
Found functions:  3
Extracted functions:  3
Extracted params:  3
Checking plugins/2000000-wps-hide-login.1.9.18.zip
Found wp_ajax* hooks:  1
Found functions:  1
Extracted functions:  1
Extracted params:  1
Checking plugins/300000-woo-variation-swatches.2.3.0.zip
Found wp_ajax* hooks:  0
Found functions:  0
Extracted functions:  0
Extracted params:  0
Checking plugins/600000-backuply.1.5.6.zip
Found wp_ajax* hooks:  37
Found functions:  35
Extracted functions:  33
Mismatch in extracted functions: f map: 33 vs ex funcs: 35
Extracted params:  20
Checking plugins/5000000-google-site-kit.1.185.0.zip
Found wp_ajax* hooks:  1
Found functions:  1
Extracted functions:  1
Extracted params:  0
Checking plugins/500000-webp-converter-for-media.6.6.4.zip
Found wp_ajax* hooks:  0
Found functions:  0
Extracted functions:  0
Extracted params:  0
Checking plugins/200000-backup.3.1.23.3.zip
Found wp_ajax* hooks:  2
Found functions:  1
Extracted functions:  0
Mismatch in extracted functions: f map: 0 vs ex funcs: 1
Extracted params:  0
Checking plugins/200000-wpcf7-recaptcha.1.5.0.zip
Found wp_ajax* hooks:  0
Found functions:  0
Extracted functions:  0
Extracted params:  0
Checking plugins/400000-woocommerce-legacy-rest-api.1.0.5.zip
Found wp_ajax* hooks:  0
Found functions:  0
Extracted functions:  0
Extracted params:  0
Checking plugins/300000-limit-login-attempts.1.7.2.zip
Found wp_ajax* hooks:  0
Found functions:  0
Extracted functions:  0
Extracted params:  0
Checking plugins/300000-wp-google-maps.10.1.07.zip
Found wp_ajax* hooks:  24
Found functions:  11
Extracted functions:  4
Mismatch in extracted functions: f map: 4 vs ex funcs: 11
Extracted params:  5
Checking plugins/200000-variation-swatches-woo.1.0.13.zip
Found wp_ajax* hooks:  6
Found functions:  5
Extracted functions:  5
Extracted params:  4
Checking plugins/800000-flamingo.2.6.3.zip
Found wp_ajax* hooks:  0
Found functions:  0
Extracted functions:  0
Extracted params:  0
Checking plugins/600000-header-footer-code-manager.1.1.46.zip
Found wp_ajax* hooks:  1
Found functions:  1
Extracted functions:  0
Mismatch in extracted functions: f map: 0 vs ex funcs: 1
Extracted params:  0
Checking plugins/400000-honeypot.2.4.02.zip
Found wp_ajax* hooks:  0
Found functions:  0
Extracted functions:  0
Extracted params:  0
Checking plugins/700000-better-wp-security.10.0.3.zip
Found wp_ajax* hooks:  7
Found functions:  5
Extracted functions:  5
Extracted params:  4
Checking plugins/200000-all-404-redirect-to-homepage.5.6.zip
Found wp_ajax* hooks:  4
Found functions:  4
Extracted functions:  4
Extracted params:  2
Checking plugins/300000-gutenberg.23.7.1.zip
Found wp_ajax* hooks:  3
Found functions:  2
Extracted functions:  2
Extracted params:  1
Checking plugins/500000-woocommerce-services.3.6.11.zip
Found wp_ajax* hooks:  6
Found functions:  6
Extracted functions:  6
Extracted params:  4
Checking plugins/200000-php-compatibility-checker.1.6.3.zip
Found wp_ajax* hooks:  0
Found functions:  0
Extracted functions:  0
Extracted params:  0
Checking plugins/200000-wp-consent-api.2.0.1.zip
Found wp_ajax* hooks:  0
Found functions:  0
Extracted functions:  0
Extracted params:  0
Checking plugins/1000000-wp-file-manager.zip
Found wp_ajax* hooks:  10
Found functions:  10
Extracted functions:  10
Extracted params:  12
Checking plugins/5000000-google-site-kit.1.184.0.zip
Found wp_ajax* hooks:  1
Found functions:  1
Extracted functions:  1
Extracted params:  0
Checking plugins/1000000-wp-smushit.4.2.0.zip
Found wp_ajax* hooks:  15
Found functions:  15
Extracted functions:  13
Mismatch in extracted functions: f map: 13 vs ex funcs: 15
Extracted params:  5
Checking plugins/200000-advanced-google-recaptcha.5.40.zip
Found wp_ajax* hooks:  1
Found functions:  1
Extracted functions:  0
Mismatch in extracted functions: f map: 0 vs ex funcs: 1
Extracted params:  0
Checking plugins/200000-tiktok-for-business.1.4.1.zip
Found wp_ajax* hooks:  0
Found functions:  0
Extracted functions:  0
Extracted params:  0
Checking plugins/700000-woocommerce-gateway-stripe.10.8.5.zip
Found wp_ajax* hooks:  2
Found functions:  2
Extracted functions:  2
Extracted params:  2
Checking plugins/2000000-header-footer-elementor.2.9.2.zip
Found wp_ajax* hooks:  19
Found functions:  19
Extracted functions:  19
Extracted params:  15
Checking plugins/500000-taxonomy-terms-order.1.9.9.1.zip
Found wp_ajax* hooks:  1
Found functions:  1
Extracted functions:  1
Extracted params:  1
Checking plugins/200000-header-footer.3.3.6.zip
Found wp_ajax* hooks:  0
Found functions:  0
Extracted functions:  0
Extracted params:  0
Checking plugins/500000-gosmtp.1.2.1.zip
Found wp_ajax* hooks:  7
Found functions:  7
Extracted functions:  7
Extracted params:  6
Checking plugins/1000000-better-search-replace.1.4.11.zip
Found wp_ajax* hooks:  0
Found functions:  0
Extracted functions:  0
Extracted params:  0
Checking plugins/7000000-woocommerce.11.0.0.zip
Found wp_ajax* hooks:  15
Found functions:  14
Extracted functions:  14
Extracted params:  9
Checking plugins/2000000-google-analytics-for-wordpress.11.1.2.zip
Found wp_ajax* hooks:  114
Found functions:  113
Extracted functions:  111
Mismatch in extracted functions: f map: 111 vs ex funcs: 113
Extracted params:  70
Checking plugins/200000-qi-addons-for-elementor.1.11.zip
Found wp_ajax* hooks:  5
Found functions:  5
Extracted functions:  5
Extracted params:  3
Checking plugins/600000-metform.4.2.0.zip
Found wp_ajax* hooks:  11
Found functions:  11
Extracted functions:  10
Mismatch in extracted functions: f map: 10 vs ex funcs: 11
Extracted params:  12
Checking plugins/200000-header-and-footer-scripts.2.4.2.zip
Found wp_ajax* hooks:  0
Found functions:  0
Extracted functions:  0
Extracted params:  0
Checking plugins/200000-cartflows.3.1.4.zip
Found wp_ajax* hooks:  28
Found functions:  24
Extracted functions:  23
Mismatch in extracted functions: f map: 23 vs ex funcs: 24
Extracted params:  17
Checking plugins/300000-formidable.6.33.1.zip
Found wp_ajax* hooks:  91
Found functions:  76
Extracted functions:  75
Mismatch in extracted functions: f map: 75 vs ex funcs: 76
Extracted params:  5
Checking plugins/400000-backwpup.5.7.5.zip
Found wp_ajax* hooks:  6
Found functions:  6
Extracted functions:  5
Mismatch in extracted functions: f map: 5 vs ex funcs: 6
Extracted params:  0
Checking plugins/700000-antispam-bee.2.11.12.zip
Found wp_ajax* hooks:  0
Found functions:  0
Extracted functions:  0
Extracted params:  0
Checking plugins/200000-optimole-wp.4.2.10.zip
Found wp_ajax* hooks:  8
Found functions:  8
Extracted functions:  8
Extracted params:  8
Checking plugins/200000-post-views-counter.1.7.14.zip
Found wp_ajax* hooks:  13
Found functions:  10
Extracted functions:  10
Extracted params:  9
Checking plugins/600000-enable-media-replace.4.2.2.zip
Found wp_ajax* hooks:  3
Found functions:  3
Extracted functions:  2
Mismatch in extracted functions: f map: 2 vs ex funcs: 3
Extracted params:  2
Checking plugins/300000-simple-history.5.30.0.zip
Found wp_ajax* hooks:  5
Found functions:  5
Extracted functions:  5
Extracted params:  6
Checking plugins/500000-siteseo.1.4.1.zip
Found wp_ajax* hooks:  24
Found functions:  18
Extracted functions:  18
Extracted params:  11
Checking plugins/200000-generateblocks.2.4.0.zip
Found wp_ajax* hooks:  0
Found functions:  0
Extracted functions:  0
Extracted params:  0
Checking plugins/200000-jetpack-boost.4.6.3.zip
Found wp_ajax* hooks:  6
Found functions:  6
Extracted functions:  6
Extracted params:  5
Checking plugins/500000-mailpoet.5.35.0.zip
Found wp_ajax* hooks:  0
Found functions:  0
Extracted functions:  0
Extracted params:  0
Checking plugins/400000-breeze.2.5.13.zip
Found wp_ajax* hooks:  31
Found functions:  24
Extracted functions:  21
Mismatch in extracted functions: f map: 21 vs ex funcs: 24
Extracted params:  6
Checking plugins/300000-google-analytics-dashboard-for-wp.10.1.2.zip
Found wp_ajax* hooks:  114
Found functions:  113
Extracted functions:  111
Mismatch in extracted functions: f map: 111 vs ex funcs: 113
Extracted params:  70
Checking plugins/500000-gosmtp.1.2.0.zip
Found wp_ajax* hooks:  2
Found functions:  2
Extracted functions:  2
Extracted params:  2
Checking plugins/200000-3d-flipbook-dflip-lite.2.4.37.zip
Found wp_ajax* hooks:  1
Found functions:  1
Extracted functions:  1
Extracted params:  0
Checking plugins/200000-aryo-activity-log.2.11.2.zip
Found wp_ajax* hooks:  4
Found functions:  4
Extracted functions:  4
Extracted params:  3
Checking plugins/1000000-wp-optimize.4.6.1.zip
Found wp_ajax* hooks:  5
Found functions:  4
Extracted functions:  4
Extracted params:  2
Checking plugins/500000-kirki.6.2.1.zip
Found wp_ajax* hooks:  12
Found functions:  8
Extracted functions:  8
Extracted params:  5
Checking plugins/500000-woocommerce-services.3.6.12.zip
Found wp_ajax* hooks:  6
Found functions:  6
Extracted functions:  6
Extracted params:  4
Checking plugins/200000-wpcf7-redirect.3.2.10.zip
Found wp_ajax* hooks:  12
Found functions:  12
Extracted functions:  11
Mismatch in extracted functions: f map: 11 vs ex funcs: 12
Extracted params:  9
Checking plugins/600000-premium-addons-for-elementor.4.11.96.zip
Found wp_ajax* hooks:  62
Found functions:  49
Extracted functions:  49
Extracted params:  37
Checking plugins/400000-custom-fonts.2.1.17.zip
Found wp_ajax* hooks:  1
Found functions:  1
Extracted functions:  1
Extracted params:  1
Checking plugins/200000-query-monitor.4.0.7.zip
Found wp_ajax* hooks:  3
Found functions:  2
Extracted functions:  2
Extracted params:  0
Checking plugins/300000-post-smtp.3.9.5.zip
Found wp_ajax* hooks:  24
Found functions:  24
Extracted functions:  24
Extracted params:  19
Checking plugins/200000-simple-cloudflare-turnstile.1.42.1.zip
Found wp_ajax* hooks:  1
Found functions:  1
Extracted functions:  1
Extracted params:  0
Checking plugins/200000-burst-statistics.3.6.2.zip
Found wp_ajax* hooks:  7
Found functions:  6
Extracted functions:  6
Extracted params:  4
Checking plugins/3000000-duplicate-post.4.7.zip
Found wp_ajax* hooks:  1
Found functions:  1
Extracted functions:  1
Extracted params:  0
Checking plugins/3000000-duplicate-page.zip
Found wp_ajax* hooks:  1
Found functions:  1
Extracted functions:  1
Extracted params:  1
Checking plugins/200000-black-studio-tinymce-widget.2.7.3.zip
Found wp_ajax* hooks:  1
Found functions:  1
Extracted functions:  1
Extracted params:  0
Checking plugins/1000000-one-click-demo-import.3.4.1.zip
Found wp_ajax* hooks:  6
Found functions:  6
Extracted functions:  6
Extracted params:  3
Checking plugins/600000-the-events-calendar.6.17.2.zip
Found wp_ajax* hooks:  24
Found functions:  21
Extracted functions:  21
Extracted params:  4
Checking plugins/1000000-sg-cachepress.7.8.1.zip
Found wp_ajax* hooks:  7
Found functions:  5
Extracted functions:  5
Extracted params:  2
Checking plugins/200000-admin-site-enhancements.9.0.0.zip
Found wp_ajax* hooks:  18
Found functions:  17
Extracted functions:  15
Mismatch in extracted functions: f map: 15 vs ex funcs: 17
Extracted params:  12
Checking plugins/200000-leadin.11.3.70.zip
Found wp_ajax* hooks:  1
Found functions:  1
Extracted functions:  1
Extracted params:  1
Checking plugins/1000000-svg-support.2.6.1.zip
Found wp_ajax* hooks:  2
Found functions:  2
Extracted functions:  2
Extracted params:  2
Checking plugins/300000-password-protected.2.8.4.zip
Found wp_ajax* hooks:  2
Found functions:  2
Extracted functions:  2
Extracted params:  1
Checking plugins/900000-w3-total-cache.2.10.5.zip
Found wp_ajax* hooks:  14
Found functions:  14
Extracted functions:  14
Extracted params:  1
Checking plugins/1000000-complianz-gdpr.7.5.2.zip
Found wp_ajax* hooks:  11
Found functions:  10
Extracted functions:  10
Extracted params:  8
Checking plugins/200000-userfeedback-lite.1.11.3.zip
Found wp_ajax* hooks:  20
Found functions:  20
Extracted functions:  20
Extracted params:  2
Checking plugins/200000-cloudflare.4.14.4.zip
Found wp_ajax* hooks:  1
Found functions:  1
Extracted functions:  1
Extracted params:  0
Checking plugins/1000000-elementskit-lite.4.0.1.zip
Found wp_ajax* hooks:  11
Found functions:  10
Extracted functions:  10
Extracted params:  7
Checking plugins/400000-breeze.2.5.12.zip
Found wp_ajax* hooks:  31
Found functions:  24
Extracted functions:  21
Mismatch in extracted functions: f map: 21 vs ex funcs: 24
Extracted params:  6
Checking plugins/300000-simple-custom-post-order.2.8.6.zip
Found wp_ajax* hooks:  7
Found functions:  7
Extracted functions:  7
Extracted params:  5
Checking plugins/10000000-contact-form-7.6.1.6.zip
Found wp_ajax* hooks:  1
Found functions:  1
Extracted functions:  1
Extracted params:  1
Checking plugins/400000-happy-elementor-addons.3.23.1.zip
Found wp_ajax* hooks:  14
Found functions:  11
Extracted functions:  11
Extracted params:  11
Checking plugins/200000-fileorganizer.1.2.0.zip
Found wp_ajax* hooks:  4
Found functions:  4
Extracted functions:  4
Extracted params:  1
Checking plugins/600000-forminator.1.56.2.zip
Found wp_ajax* hooks:  124
Found functions:  101
Extracted functions:  97
Mismatch in extracted functions: f map: 97 vs ex funcs: 101
Extracted params:  12
Checking plugins/900000-gtranslate.3.1.1.zip
Found wp_ajax* hooks:  0
Found functions:  0
Extracted functions:  0
Extracted params:  0
Checking plugins/3000000-updraftplus.1.26.6.zip
Found wp_ajax* hooks:  17
Found functions:  13
Extracted functions:  13
Extracted params:  6
Checking plugins/300000-eps-301-redirects.2.85.zip
Found wp_ajax* hooks:  5
Found functions:  5
Extracted functions:  5
Extracted params:  4
Checking plugins/400000-cookieadmin.1.2.2.zip
Found wp_ajax* hooks:  2
Found functions:  1
Extracted functions:  1
Extracted params:  1
Checking plugins/5000000-wpforms-lite.2.0.0.2.zip
Found wp_ajax* hooks:  91
Found functions:  78
Extracted functions:  78
Extracted params:  42
Checking plugins/600000-tablepress.3.3.3.zip
Found wp_ajax* hooks:  3
Found functions:  3
Extracted functions:  2
Mismatch in extracted functions: f map: 2 vs ex funcs: 3
Extracted params:  1
Checking plugins/300000-nextgen-gallery.4.3.0.zip
Found wp_ajax* hooks:  13
Found functions:  13
Extracted functions:  13
Extracted params:  11
Checking plugins/300000-pinterest-for-woocommerce.1.4.27.zip
Found wp_ajax* hooks:  1
Found functions:  1
Extracted functions:  0
Mismatch in extracted functions: f map: 0 vs ex funcs: 1
Extracted params:  0
Checking plugins/400000-template-kit-import.1.0.16.zip
Found wp_ajax* hooks:  1
Found functions:  1
Extracted functions:  1
Extracted params:  3
Checking plugins/200000-post-duplicator.3.0.15.zip
Found wp_ajax* hooks:  1
Found functions:  1
Extracted functions:  0
Mismatch in extracted functions: f map: 0 vs ex funcs: 1
Extracted params:  0
Checking plugins/200000-fast-indexing-api.1.1.22.zip
Found wp_ajax* hooks:  2
Found functions:  2
Extracted functions:  2
Extracted params:  1
Checking plugins/300000-child-theme-configurator.2.6.7.zip
Found wp_ajax* hooks:  5
Found functions:  5
Extracted functions:  5
Extracted params:  0
Checking plugins/300000-wp-crontrol.1.21.1.zip
Found wp_ajax* hooks:  0
Found functions:  0
Extracted functions:  0
Extracted params:  0
Checking plugins/400000-ga-google-analytics.20260810.zip
Found wp_ajax* hooks:  0
Found functions:  0
Extracted functions:  0
Extracted params:  0
Checking plugins/300000-blocksy-companion.2.1.52.zip
Found wp_ajax* hooks:  30
Found functions:  15
Extracted functions:  9
Mismatch in extracted functions: f map: 9 vs ex funcs: 15
Extracted params:  4
Checking plugins/1000000-wp-fastest-cache.1.5.0.zip
Found wp_ajax* hooks:  32
Found functions:  31
Extracted functions:  31
Extracted params:  24
Checking plugins/600000-contact-form-cfdb7.1.4.0.zip
Found wp_ajax* hooks:  0
Found functions:  0
Extracted functions:  0
Extracted params:  0
Checking plugins/1000000-mailchimp-for-wp.4.14.0.zip
Found wp_ajax* hooks:  1
Found functions:  1
Extracted functions:  1
Extracted params:  1
Checking plugins/600000-metform.4.1.9.zip
Found wp_ajax* hooks:  11
Found functions:  11
Extracted functions:  10
Mismatch in extracted functions: f map: 10 vs ex funcs: 11
Extracted params:  12
Checking plugins/300000-wp-rollback.3.1.2.zip
Found wp_ajax* hooks:  0
Found functions:  0
Extracted functions:  0
Extracted params:  0
Checking plugins/600000-sucuri-scanner.2.7.4.zip
Found wp_ajax* hooks:  3
Found functions:  3
Extracted functions:  3
Extracted params:  0
Checking plugins/1000000-wp-smushit.4.3.0.zip
Found wp_ajax* hooks:  15
Found functions:  15
Extracted functions:  13
Mismatch in extracted functions: f map: 13 vs ex funcs: 15
Extracted params:  5
Checking plugins/300000-coblocks.3.1.17.zip
Found wp_ajax* hooks:  3
Found functions:  3
Extracted functions:  3
Extracted params:  1
Checking plugins/300000-contact-form-7-honeypot.3.7.2.zip
Found wp_ajax* hooks:  7
Found functions:  6
Extracted functions:  6
Extracted params:  3
Checking plugins/3000000-hostinger.3.0.74.zip
Found wp_ajax* hooks:  0
Found functions:  0
Extracted functions:  0
Extracted params:  0
Checking plugins/500000-pojo-accessibility.4.1.3.zip
Found wp_ajax* hooks:  3
Found functions:  3
Extracted functions:  3
Extracted params:  2
Checking plugins/300000-unlimited-elements-for-elementor.zip
Found wp_ajax* hooks:  4
Found functions:  4
Extracted functions:  4
Extracted params:  1
Checking plugins/200000-favicon-by-realfavicongenerator.1.3.50.zip
Found wp_ajax* hooks:  0
Found functions:  0
Extracted functions:  0
Extracted params:  0
Checking plugins/700000-duracelltomi-google-tag-manager.1.22.5.zip
Found wp_ajax* hooks:  1
Found functions:  1
Extracted functions:  1
Extracted params:  1
Checking plugins/300000-sticky-header-effects-for-elementor.2.2.1.zip
Found wp_ajax* hooks:  7
Found functions:  6
Extracted functions:  6
Extracted params:  2
Checking plugins/1000000-worker.4.9.35.zip
Found wp_ajax* hooks:  0
Found functions:  0
Extracted functions:  0
Extracted params:  0
Checking plugins/200000-migrate-guru.6.28.zip
Found wp_ajax* hooks:  4
Found functions:  4
Extracted functions:  4
Extracted params:  2
Checking plugins/700000-fluentform.6.2.11.zip
Found wp_ajax* hooks:  16
Found functions:  14
Extracted functions:  13
Mismatch in extracted functions: f map: 13 vs ex funcs: 14
Extracted params:  3
Checking plugins/400000-woo-checkout-field-editor-pro.2.1.9.zip
Found wp_ajax* hooks:  2
Found functions:  2
Extracted functions:  2
Extracted params:  3
Checking plugins/2000000-classic-widgets.0.3.zip
Found wp_ajax* hooks:  0
Found functions:  0
Extracted functions:  0
Extracted params:  0
Checking plugins/300000-templately.3.7.2.zip
Found wp_ajax* hooks:  6
Found functions:  6
Extracted functions:  5
Mismatch in extracted functions: f map: 5 vs ex funcs: 6
Extracted params:  2
Checking plugins/300000-nextgen-gallery.4.2.4.zip
Found wp_ajax* hooks:  13
Found functions:  13
Extracted functions:  13
Extracted params:  11
Checking plugins/600000-post-types-order.2.4.8.zip
Found wp_ajax* hooks:  2
Found functions:  2
Extracted functions:  2
Extracted params:  2
Checking plugins/200000-custom-post-type-permalinks.3.5.5.zip
Found wp_ajax* hooks:  0
Found functions:  0
Extracted functions:  0
Extracted params:  0
Checking plugins/300000-pdf-embedder.5.0.1.zip
Found wp_ajax* hooks:  8
Found functions:  7
Extracted functions:  7
Extracted params:  3
Checking plugins/1000000-loco-translate.2.8.8.zip
Found wp_ajax* hooks:  0
Found functions:  0
Extracted functions:  0
Extracted params:  0
Checking plugins/300000-cmb2.2.12.0.zip
Found wp_ajax* hooks:  2
Found functions:  1
Extracted functions:  1
Extracted params:  1
Checking plugins/2000000-essential-addons-for-elementor-lite.6.7.3.zip
Found wp_ajax* hooks:  47
Found functions:  33
Extracted functions:  33
Extracted params:  32
Checking plugins/300000-members.3.2.26.zip
Found wp_ajax* hooks:  5
Found functions:  5
Extracted functions:  5
Extracted params:  5
Checking plugins/400000-shortcodes-ultimate.7.8.4.zip
Found wp_ajax* hooks:  12
Found functions:  12
Extracted functions:  12
Extracted params:  9
Checking plugins/500000-mailpoet.5.35.1.zip
Found wp_ajax* hooks:  0
Found functions:  0
Extracted functions:  0
Extracted params:  0
Checking plugins/2000000-advanced-custom-fields.6.8.7.zip
Found wp_ajax* hooks:  28
Found functions:  13
Extracted functions:  12
Mismatch in extracted functions: f map: 12 vs ex funcs: 13
Extracted params:  2
Checking plugins/600000-speedycache.1.4.0.zip
Found wp_ajax* hooks:  20
Found functions:  20
Extracted functions:  20
Extracted params:  15
Checking plugins/1000000-maintenance.4.32.zip
Found wp_ajax* hooks:  2
Found functions:  2
Extracted functions:  2
Extracted params:  2
Checking plugins/400000-siteorigin-panels.2.36.0.zip
Found wp_ajax* hooks:  15
Found functions:  15
Extracted functions:  15
Extracted params:  19
Checking plugins/200000-post-views-counter.1.7.15.zip
Found wp_ajax* hooks:  13
Found functions:  10
Extracted functions:  10
Extracted params:  9
Checking plugins/1000000-image-optimization.1.7.6.zip
Found wp_ajax* hooks:  2
Found functions:  2
Extracted functions:  2
Extracted params:  2
Checking plugins/500000-sureforms.2.12.3.zip
Found wp_ajax* hooks:  32
Found functions:  28
Extracted functions:  27
Mismatch in extracted functions: f map: 27 vs ex funcs: 28
Extracted params:  26
Checking plugins/300000-wp-reset.2.08.zip
Found wp_ajax* hooks:  2
Found functions:  2
Extracted functions:  2
Extracted params:  2
Checking plugins/1000000-sg-ai-studio.1.2.7.zip
Found wp_ajax* hooks:  0
Found functions:  0
Extracted functions:  0
Extracted params:  0
Checking plugins/800000-breadcrumb-navxt.7.5.1.zip
Found wp_ajax* hooks:  1
Found functions:  1
Extracted functions:  1
Extracted params:  1
Checking plugins/300000-host-webfonts-local.6.3.9.zip
Found wp_ajax* hooks:  6
Found functions:  6
Extracted functions:  6
Extracted params:  3
Checking plugins/200000-call-now-button.2.0.2.zip
Found wp_ajax* hooks:  17
Found functions:  16
Extracted functions:  16
Extracted params:  0
Checking plugins/200000-3d-flipbook-dflip-lite.2.4.30.zip
Found wp_ajax* hooks:  1
Found functions:  1
Extracted functions:  1
Extracted params:  0
Checking plugins/10000000-elementor.4.2.2.zip
Found wp_ajax* hooks:  18
Found functions:  17
Extracted functions:  17
Extracted params:  4
Checking plugins/3000000-jetpack.16.1.1.zip
Found wp_ajax* hooks:  48
Found functions:  40
Extracted functions:  35
Mismatch in extracted functions: f map: 35 vs ex funcs: 40
Extracted params:  24
Checking plugins/200000-newsletter.9.3.3.zip
Found wp_ajax* hooks:  17
Found functions:  15
Extracted functions:  14
Mismatch in extracted functions: f map: 14 vs ex funcs: 15
Extracted params:  12
Checking plugins/200000-olympus-google-fonts.4.1.3.zip
Found wp_ajax* hooks:  4
Found functions:  4
Extracted functions:  4
Extracted params:  1
Checking plugins/300000-host-webfonts-local.6.3.10.zip
Found wp_ajax* hooks:  6
Found functions:  6
Extracted functions:  6
Extracted params:  3
Checking plugins/500000-ml-slider.3.111.2.zip
Found wp_ajax* hooks:  44
Found functions:  44
Extracted functions:  44
Extracted params:  26
Checking plugins/5000000-all-in-one-wp-migration.7.107.zip
Found wp_ajax* hooks:  20
Found functions:  13
Extracted functions:  13
Extracted params:  0
Checking plugins/200000-widget-importer-exporter.1.6.1.zip
Found wp_ajax* hooks:  0
Found functions:  0
Extracted functions:  0
Extracted params:  0
Checking plugins/1000000-optinmonster.2.16.24.zip
Found wp_ajax* hooks:  2
Found functions:  2
Extracted functions:  2
Extracted params:  1
Checking plugins/200000-iwp-client.1.13.6.zip
Found wp_ajax* hooks:  0
Found functions:  0
Extracted functions:  0
Extracted params:  0
Checking plugins/1000000-sg-cachepress.7.8.0.zip
Found wp_ajax* hooks:  7
Found functions:  5
Extracted functions:  5
Extracted params:  2
Checking plugins/2000000-header-footer-elementor.2.9.3.zip
Found wp_ajax* hooks:  20
Found functions:  20
Extracted functions:  20
Extracted params:  16
Checking plugins/200000-essential-blocks.6.4.1.zip
Found wp_ajax* hooks:  14
Found functions:  13
Extracted functions:  11
Mismatch in extracted functions: f map: 11 vs ex funcs: 13
Extracted params:  11
Checking plugins/200000-astra-widgets.1.2.17.zip
Found wp_ajax* hooks:  1
Found functions:  1
Extracted functions:  1
Extracted params:  1
Checking plugins/800000-polylang.3.8.6.zip
Found wp_ajax* hooks:  9
Found functions:  9
Extracted functions:  9
Extracted params:  9
Checking plugins/1000000-wp-multibyte-patch.2.9.3.zip
Found wp_ajax* hooks:  0
Found functions:  0
Extracted functions:  0
Extracted params:  0
Checking plugins/9000000-classic-editor.1.7.0.zip
Found wp_ajax* hooks:  0
Found functions:  0
Extracted functions:  0
Extracted params:  0
Checking plugins/200000-use-any-font.6.4.zip
Found wp_ajax* hooks:  1
Found functions:  1
Extracted functions:  1
Extracted params:  0
Checking plugins/500000-ocean-extra.2.5.8.zip
Found wp_ajax* hooks:  36
Found functions:  31
Extracted functions:  31
Extracted params:  28
Checking plugins/200000-nginx-helper.2.3.5.zip
Found wp_ajax* hooks:  1
Found functions:  1
Extracted functions:  1
Extracted params:  0
Checking plugins/200000-kadence-starter-templates.2.3.4.zip
Found wp_ajax* hooks:  13
Found functions:  13
Extracted functions:  13
Extracted params:  11
Checking plugins/200000-adminimize.1.11.14.zip
Found wp_ajax* hooks:  0
Found functions:  0
Extracted functions:  0
Extracted params:  0
Checking plugins/300000-jeg-elementor-kit.3.2.12.zip
Found wp_ajax* hooks:  29
Found functions:  28
Extracted functions:  28
Extracted params:  21
Checking plugins/300000-wp-seopress.10.1.zip
Found wp_ajax* hooks:  29
Found functions:  22
Extracted functions:  22
Extracted params:  18
Checking plugins/200000-crowdsignal-forms.1.8.2.zip
Found wp_ajax* hooks:  0
Found functions:  0
Extracted functions:  0
Extracted params:  0
Checking plugins/600000-forminator.1.57.0.zip
Found wp_ajax* hooks:  125
Found functions:  102
Extracted functions:  98
Mismatch in extracted functions: f map: 98 vs ex funcs: 102
Extracted params:  12
Checking plugins/300000-add-to-any.1.8.18.zip
Found wp_ajax* hooks:  0
Found functions:  0
Extracted functions:  0
Extracted params:  0
Checking plugins/600000-easy-table-of-contents.2.0.86.zip
Found wp_ajax* hooks:  6
Found functions:  6
Extracted functions:  5
Mismatch in extracted functions: f map: 5 vs ex funcs: 6
Extracted params:  4
Checking plugins/5000000-wpforms-lite.2.0.0.4.zip
Found wp_ajax* hooks:  93
Found functions:  80
Extracted functions:  80
Extracted params:  44
Checking plugins/1000000-elementskit-lite.3.10.02.zip
Found wp_ajax* hooks:  9
Found functions:  8
Extracted functions:  8
Extracted params:  7
Checking plugins/300000-really-simple-captcha.2.4.zip
Found wp_ajax* hooks:  0
Found functions:  0
Extracted functions:  0
Extracted params:  0
Checking plugins/200000-popup-builder.4.4.5.zip
Found wp_ajax* hooks:  34
Found functions:  31
Extracted functions:  31
Extracted params:  23
Checking plugins/200000-cmp-coming-soon-maintenance.4.1.17.zip
Found wp_ajax* hooks:  16
Found functions:  14
Extracted functions:  14
Extracted params:  13
Checking plugins/600000-ninja-forms.3.14.11.zip
Found wp_ajax* hooks:  34
Found functions:  24
Extracted functions:  20
Mismatch in extracted functions: f map: 20 vs ex funcs: 24
Extracted params:  15
Checking plugins/600000-kadence-blocks.3.7.9.1.zip
Found wp_ajax* hooks:  18
Found functions:  15
Extracted functions:  15
Extracted params:  15
Checking plugins/500000-easy-wp-smtp.2.15.1.zip
Found wp_ajax* hooks:  26
Found functions:  25
Extracted functions:  25
Extracted params:  15
Checking plugins/200000-loginpress.6.2.5.zip
Found wp_ajax* hooks:  4
Found functions:  4
Extracted functions:  4
Extracted params:  3
Checking plugins/200000-head-footer-code.1.5.7.zip
Found wp_ajax* hooks:  0
Found functions:  0
Extracted functions:  0
Extracted params:  0
Checking plugins/600000-premium-addons-for-elementor.4.11.98.zip
Found wp_ajax* hooks:  62
Found functions:  49
Extracted functions:  49
Extracted params:  37
Checking plugins/500000-pixelyoursite.11.2.3.zip
Found wp_ajax* hooks:  14
Found functions:  10
Extracted functions:  6
Mismatch in extracted functions: f map: 6 vs ex funcs: 10
Extracted params:  6
Checking plugins/400000-so-widgets-bundle.1.74.2.zip
Found wp_ajax* hooks:  21
Found functions:  20
Extracted functions:  20
Extracted params:  21
Checking plugins/900000-w3-total-cache.2.10.4.zip
Found wp_ajax* hooks:  14
Found functions:  14
Extracted functions:  14
Extracted params:  1
Checking plugins/400000-wp-maintenance-mode.2.6.23.zip
Found wp_ajax* hooks:  22
Found functions:  20
Extracted functions:  19
Mismatch in extracted functions: f map: 19 vs ex funcs: 20
Extracted params:  18
Checking plugins/500000-broken-link-checker.2.4.13.zip
Found wp_ajax* hooks:  13
Found functions:  13
Extracted functions:  13
Extracted params:  7
Checking plugins/5000000-wordfence.9.0.0.zip
Found wp_ajax* hooks:  8
Found functions:  4
Extracted functions:  4
Extracted params:  3
Checking plugins/200000-cartflows.3.1.3.zip
Found wp_ajax* hooks:  28
Found functions:  24
Extracted functions:  23
Mismatch in extracted functions: f map: 23 vs ex funcs: 24
Extracted params:  17
Checking plugins/500000-meta-box.5.14.0.zip
Found wp_ajax* hooks:  10
Found functions:  7
Extracted functions:  7
Extracted params:  1
Checking plugins/500000-easy-wp-smtp.2.15.0.zip
Found wp_ajax* hooks:  26
Found functions:  25
Extracted functions:  25
Extracted params:  15
Checking plugins/300000-shortpixel-image-optimiser.6.5.5.zip
Found wp_ajax* hooks:  7
Found functions:  7
Extracted functions:  7
Extracted params:  4
Checking plugins/200000-force-regenerate-thumbnails.2.3.0.zip
Found wp_ajax* hooks:  2
Found functions:  2
Extracted functions:  2
Extracted params:  2
Checking plugins/3000000-insert-headers-and-footers.2.3.8.zip
Found wp_ajax* hooks:  24
Found functions:  24
Extracted functions:  24
Extracted params:  21
Checking plugins/3000000-all-in-one-seo-pack.5.0.0.1.zip
Found wp_ajax* hooks:  8
Found functions:  6
Extracted functions:  5
Mismatch in extracted functions: f map: 5 vs ex funcs: 6
Extracted params:  2
Checking plugins/600000-kadence-blocks.3.7.9.zip
Found wp_ajax* hooks:  18
Found functions:  15
Extracted functions:  15
Extracted params:  15
Checking plugins/200000-pretty-link.4.0.15.zip
Found wp_ajax* hooks:  3
Found functions:  3
Extracted functions:  3
Extracted params:  3
Checking plugins/200000-wp-sitemap-page.zip
Found wp_ajax* hooks:  0
Found functions:  0
Extracted functions:  0
Extracted params:  0
Checking plugins/200000-white-label-cms.2.7.14.zip
Found wp_ajax* hooks:  5
Found functions:  4
Extracted functions:  4
Extracted params:  4
Checking plugins/200000-tiktok-for-business.1.4.0.zip
Found wp_ajax* hooks:  0
Found functions:  0
Extracted functions:  0
Extracted params:  0
Checking plugins/1000000-code-snippets.3.9.6.zip
Found wp_ajax* hooks:  3
Found functions:  3
Extracted functions:  3
Extracted params:  3
Checking plugins/600000-wp-statistics.14.16.10.zip
Found wp_ajax* hooks:  1
Found functions:  1
Extracted functions:  0
Mismatch in extracted functions: f map: 0 vs ex funcs: 1
Extracted params:  0
Checking plugins/200000-polldaddy.3.1.8.zip
Found wp_ajax* hooks:  2
Found functions:  2
Extracted functions:  2
Extracted params:  2
Checking plugins/300000-webp-express.0.25.15.zip
Found wp_ajax* hooks:  9
Found functions:  9
Extracted functions:  0
Mismatch in extracted functions: f map: 0 vs ex funcs: 9
Extracted params:  0
Checking plugins/600000-royal-elementor-addons.1.7.1065.zip
Found wp_ajax* hooks:  100
Found functions:  69
Extracted functions:  69
Extracted params:  67
Checking plugins/300000-wp-google-maps.10.1.06.zip
Found wp_ajax* hooks:  24
Found functions:  11
Extracted functions:  4
Mismatch in extracted functions: f map: 4 vs ex funcs: 11
Extracted params:  5
Checking plugins/1000000-ultimate-addons-for-gutenberg.2.20.1.zip
Found wp_ajax* hooks:  59
Found functions:  49
Extracted functions:  47
Mismatch in extracted functions: f map: 47 vs ex funcs: 49
Extracted params:  33
Checking plugins/1000000-regenerate-thumbnails.3.1.6.zip
Found wp_ajax* hooks:  0
Found functions:  0
Extracted functions:  0
Extracted params:  0
Checking plugins/3000000-hostinger.3.0.75.zip
Found wp_ajax* hooks:  0
Found functions:  0
Extracted functions:  0
Extracted params:  0
Checking plugins/300000-megamenu.3.10.6.zip
Found wp_ajax* hooks:  26
Found functions:  25
Extracted functions:  25
Extracted params:  19
Checking plugins/300000-wp-security-audit-log.5.6.5.zip
Found wp_ajax* hooks:  51
Found functions:  45
Extracted functions:  37
Mismatch in extracted functions: f map: 37 vs ex funcs: 45
Extracted params:  19
Checking plugins/500000-wp-pagenavi.3.0.0.zip
Found wp_ajax* hooks:  0
Found functions:  0
Extracted functions:  0
Extracted params:  0
Checking plugins/900000-wpvivid-backuprestore.0.9.132.zip
Found wp_ajax* hooks:  166
Found functions:  147
Extracted functions:  147
Extracted params:  98
Checking plugins/1000000-optinmonster.2.17.1.zip
Found wp_ajax* hooks:  2
Found functions:  2
Extracted functions:  2
Extracted params:  1
Checking plugins/200000-wp-migrate-db.2.7.11.zip
Found wp_ajax* hooks:  4
Found functions:  4
Extracted functions:  4
Extracted params:  1
Checking plugins/900000-cookie-notice.3.1.6.zip
Found wp_ajax* hooks:  30
Found functions:  29
Extracted functions:  29
Extracted params:  23
Checking plugins/500000-siteguard.1.8.8.zip
Found wp_ajax* hooks:  0
Found functions:  0
Extracted functions:  0
Extracted params:  0
Checking plugins/600000-fluent-smtp.2.3.1.zip
Found wp_ajax* hooks:  1
Found functions:  1
Extracted functions:  0
Mismatch in extracted functions: f map: 0 vs ex funcs: 1
Extracted params:  0
Checking plugins/400000-amp.2.5.5.zip
Found wp_ajax* hooks:  0
Found functions:  0
Extracted functions:  0
Extracted params:  0
Checking plugins/600000-under-construction-page.5.81.zip
Found wp_ajax* hooks:  2
Found functions:  2
Extracted functions:  2
Extracted params:  2
Checking plugins/200000-table-of-contents-plus.202607.1.zip
Found wp_ajax* hooks:  1
Found functions:  1
Extracted functions:  1
Extracted params:  1
Checking plugins/200000-suremails.2.0.1.zip
Found wp_ajax* hooks:  4
Found functions:  4
Extracted functions:  4
Extracted params:  4
